[pomo-train] device=cuda
[pomo-train] curriculum N=[50, 100, 200] source=v1
[pomo-train]   N=50: 16 v1 instances
[pomo-train]   N=100: 16 v1 instances
[pomo-train]   N=200: 16 v1 instances
epoch   0  loss=-3.4409  mean_cost=2508.9  (5.4s)
epoch   1  loss=-5.5346  mean_cost=2153.0  (4.7s)
epoch   2  loss=-5.6711  mean_cost=2241.1  (4.6s)
epoch   3  loss=-3.9644  mean_cost=3017.7  (5.7s)
epoch   4  loss=-2.3782  mean_cost=1195.3  (2.4s)
epoch   5  loss=-1.7696  mean_cost=1577.8  (2.9s)
epoch   6  loss=-3.1660  mean_cost=2161.5  (5.3s)
epoch   7  loss=-3.7715  mean_cost=2916.7  (5.7s)
epoch   8  loss=-2.7647  mean_cost=2843.9  (5.0s)
epoch   9  loss=-2.7828  mean_cost=1878.0  (3.7s)
epoch  10  loss=-2.8377  mean_cost=1974.6  (4.2s)
epoch  11  loss=-2.7818  mean_cost=1947.6  (3.9s)
epoch  12  loss=-2.9136  mean_cost=1538.6  (2.5s)
epoch  13  loss=-3.9952  mean_cost=2434.9  (4.4s)
epoch  14  loss=-2.7137  mean_cost=3700.5  (6.3s)
epoch  15  loss=-3.4676  mean_cost=2995.9  (4.9s)
epoch  16  loss=-5.0755  mean_cost=3816.1  (6.5s)
epoch  17  loss=-4.2584  mean_cost=2062.6  (3.8s)
epoch  18  loss=-1.8626  mean_cost=1194.6  (2.8s)
epoch  19  loss=-1.9926  mean_cost=1765.0  (3.8s)
epoch  20  loss=-4.4703  mean_cost=1794.6  (3.8s)
epoch  21  loss=-3.2831  mean_cost=2172.9  (4.1s)
epoch  22  loss=-2.8824  mean_cost=2169.9  (4.1s)
epoch  23  loss=-3.7975  mean_cost=2322.9  (4.1s)
epoch  24  loss=-2.1872  mean_cost=1915.7  (3.2s)
epoch  25  loss=-0.8862  mean_cost=1643.0  (2.8s)
epoch  26  loss=-1.8681  mean_cost=2060.8  (3.6s)
epoch  27  loss=-0.9032  mean_cost=2708.0  (4.2s)
epoch  28  loss=-4.0316  mean_cost=1641.5  (2.8s)
epoch  29  loss=-3.1847  mean_cost=2161.2  (3.6s)
epoch  30  loss=-2.2503  mean_cost=1560.2  (3.2s)
epoch  31  loss=-0.9132  mean_cost=1910.2  (2.8s)
epoch  32  loss=-3.9490  mean_cost=2785.4  (5.0s)
epoch  33  loss=-4.4452  mean_cost=2007.3  (3.5s)
epoch  34  loss=-0.2969  mean_cost=2411.4  (4.7s)
epoch  35  loss=-1.3596  mean_cost=1686.9  (2.7s)
epoch  36  loss=-2.1923  mean_cost=2413.0  (4.4s)
epoch  37  loss=-1.0936  mean_cost=2001.0  (4.0s)
epoch  38  loss=-1.8804  mean_cost=1913.4  (3.1s)
epoch  39  loss=-0.6991  mean_cost=2305.5  (3.6s)
epoch  40  loss=-1.7239  mean_cost=1400.2  (2.8s)
epoch  41  loss=-1.3976  mean_cost=2614.9  (4.3s)
epoch  42  loss=-1.1655  mean_cost=1456.0  (2.7s)
epoch  43  loss=-0.7022  mean_cost=1478.4  (2.8s)
epoch  44  loss=-0.3494  mean_cost=1998.4  (3.5s)
epoch  45  loss=-0.8844  mean_cost=2372.5  (3.8s)
epoch  46  loss=-4.2372  mean_cost=2895.8  (5.2s)
epoch  47  loss=-3.9144  mean_cost=2976.8  (5.8s)
epoch  48  loss=-0.8690  mean_cost=1690.0  (3.3s)
epoch  49  loss=-2.5830  mean_cost=2264.4  (4.1s)
epoch  50  loss=-3.7354  mean_cost=2803.1  (4.9s)
epoch  51  loss=-5.7123  mean_cost=2159.1  (4.4s)
epoch  52  loss=-0.1521  mean_cost=1813.0  (3.8s)
epoch  53  loss=-1.2521  mean_cost=2365.9  (4.1s)
epoch  54  loss=-2.8006  mean_cost=1722.1  (3.2s)
epoch  55  loss=-1.5465  mean_cost=1997.8  (3.2s)
epoch  56  loss=-2.1278  mean_cost=2135.0  (4.1s)
epoch  57  loss=+0.7814  mean_cost=1052.2  (2.0s)
epoch  58  loss=-0.4458  mean_cost=2019.0  (4.0s)
epoch  59  loss=-4.2800  mean_cost=2269.0  (4.4s)
epoch  60  loss=-2.4868  mean_cost=1356.7  (2.5s)
epoch  61  loss=-2.2988  mean_cost=2516.7  (5.0s)
epoch  62  loss=-1.6602  mean_cost=2022.4  (3.7s)
epoch  63  loss=+0.1174  mean_cost=1585.2  (3.3s)
epoch  64  loss=-0.1222  mean_cost=2330.4  (4.0s)
epoch  65  loss=+0.0044  mean_cost=3018.9  (5.5s)
epoch  66  loss=-1.6829  mean_cost=1919.6  (4.0s)
epoch  67  loss=-2.2768  mean_cost=1714.7  (3.3s)
epoch  68  loss=-0.9247  mean_cost=1281.2  (2.0s)
epoch  69  loss=-2.0165  mean_cost=1123.6  (2.0s)
epoch  70  loss=-0.4069  mean_cost=1497.3  (2.8s)
epoch  71  loss=-0.9845  mean_cost=1722.5  (2.9s)
epoch  72  loss=-1.2852  mean_cost=2644.6  (4.3s)
epoch  73  loss=-1.0405  mean_cost=1126.2  (2.3s)
epoch  74  loss=-1.4640  mean_cost=1989.7  (3.1s)
epoch  75  loss=-1.5766  mean_cost=1709.1  (2.7s)
epoch  76  loss=-2.3833  mean_cost=1616.5  (3.1s)
epoch  77  loss=-2.2727  mean_cost=1880.9  (3.2s)
epoch  78  loss=+0.8606  mean_cost=3010.1  (5.5s)
epoch  79  loss=-3.1779  mean_cost=2447.8  (4.0s)
[pomo-train] saved checkpoint: models\pomo_v6\pomo_N50_e80.pt
