[pomo-train] device=cuda
[pomo-train] curriculum N=[50, 100, 200] source=v1
[pomo-train]   N=50: 16 v1 instances
[pomo-train]   N=100: 16 v1 instances
[pomo-train]   N=200: 16 v1 instances
epoch   0  loss=-7.8050  mean_cost=2473.7  (5.1s)
epoch   1  loss=-4.9750  mean_cost=2094.5  (4.4s)
epoch   2  loss=-4.4905  mean_cost=2200.2  (4.7s)
epoch   3  loss=-3.4057  mean_cost=3018.3  (5.7s)
epoch   4  loss=-2.0625  mean_cost=1217.2  (2.6s)
epoch   5  loss=-0.5864  mean_cost=1576.8  (2.7s)
epoch   6  loss=-4.0724  mean_cost=2126.8  (4.9s)
epoch   7  loss=-4.9441  mean_cost=2920.8  (6.1s)
epoch   8  loss=-4.3696  mean_cost=2837.4  (4.7s)
epoch   9  loss=-3.5211  mean_cost=1833.4  (3.8s)
epoch  10  loss=-2.8185  mean_cost=1931.6  (4.7s)
epoch  11  loss=-0.7155  mean_cost=2023.0  (4.4s)
epoch  12  loss=-1.3837  mean_cost=1683.2  (2.7s)
epoch  13  loss=-2.8234  mean_cost=2628.3  (4.8s)
epoch  14  loss=-3.8790  mean_cost=3898.8  (6.8s)
epoch  15  loss=-1.8710  mean_cost=3019.3  (5.2s)
epoch  16  loss=-4.5089  mean_cost=3823.2  (6.6s)
epoch  17  loss=-3.8372  mean_cost=2101.7  (3.8s)
epoch  18  loss=-2.0944  mean_cost=1197.0  (2.6s)
epoch  19  loss=-3.8013  mean_cost=1773.0  (3.8s)
epoch  20  loss=-3.9454  mean_cost=1833.7  (3.7s)
epoch  21  loss=-2.5356  mean_cost=2237.7  (4.3s)
epoch  22  loss=-2.3000  mean_cost=2203.2  (4.2s)
epoch  23  loss=-1.8894  mean_cost=2275.4  (4.1s)
epoch  24  loss=-2.2901  mean_cost=1961.2  (3.4s)
epoch  25  loss=-0.7784  mean_cost=1670.3  (2.8s)
epoch  26  loss=-2.9106  mean_cost=1988.4  (3.7s)
epoch  27  loss=-4.1855  mean_cost=2665.7  (4.7s)
epoch  28  loss=-1.3041  mean_cost=1656.0  (2.8s)
epoch  29  loss=-1.0243  mean_cost=2179.7  (3.6s)
epoch  30  loss=-1.1119  mean_cost=1553.6  (3.3s)
epoch  31  loss=-2.3550  mean_cost=1925.4  (2.8s)
epoch  32  loss=-3.4231  mean_cost=2728.8  (5.1s)
epoch  33  loss=-0.9946  mean_cost=2029.3  (3.6s)
epoch  34  loss=-1.0016  mean_cost=2477.2  (4.8s)
epoch  35  loss=-0.0254  mean_cost=1727.9  (2.9s)
epoch  36  loss=-1.4477  mean_cost=2490.8  (4.7s)
epoch  37  loss=-1.2738  mean_cost=2099.7  (4.1s)
epoch  38  loss=-2.3380  mean_cost=1974.3  (3.4s)
epoch  39  loss=-0.3336  mean_cost=2298.9  (3.7s)
[pomo-train] saved checkpoint: models\pomo_v5\pomo_N50_e40.pt
