[pomo-train] device=cuda
[pomo-train] curriculum N=[50] source=v1
[pomo-train]   N=50: 16 v1 instances
epoch   0  loss=-4.3026  mean_cost=1136.9  (2.8s)
epoch   1  loss=-2.5118  mean_cost=1330.6  (2.2s)
epoch   2  loss=-2.6356  mean_cost=1092.0  (2.0s)
epoch   3  loss=-1.8669  mean_cost=922.2  (2.0s)
epoch   4  loss=-1.8547  mean_cost=942.2  (2.1s)
epoch   5  loss=-3.4915  mean_cost=1166.3  (2.2s)
epoch   6  loss=-1.6938  mean_cost=1020.2  (2.1s)
epoch   7  loss=-3.7189  mean_cost=1029.0  (2.2s)
epoch   8  loss=-1.1825  mean_cost=1103.7  (2.0s)
epoch   9  loss=-3.0505  mean_cost=1014.9  (2.2s)
epoch  10  loss=-1.8407  mean_cost=1174.1  (2.2s)
epoch  11  loss=-1.5232  mean_cost=1035.8  (2.1s)
epoch  12  loss=-1.8344  mean_cost=908.2  (2.0s)
epoch  13  loss=-1.7858  mean_cost=900.7  (2.2s)
epoch  14  loss=-1.7529  mean_cost=934.9  (2.1s)
epoch  15  loss=-1.5884  mean_cost=975.9  (2.0s)
epoch  16  loss=-1.8773  mean_cost=988.5  (1.9s)
epoch  17  loss=-1.5188  mean_cost=933.7  (2.0s)
epoch  18  loss=-2.9002  mean_cost=899.1  (2.0s)
epoch  19  loss=-0.5281  mean_cost=926.6  (1.6s)
epoch  20  loss=-1.6258  mean_cost=915.7  (1.6s)
epoch  21  loss=-2.2917  mean_cost=825.8  (1.6s)
epoch  22  loss=-1.6167  mean_cost=842.6  (1.5s)
epoch  23  loss=-1.8268  mean_cost=1048.0  (1.6s)
epoch  24  loss=-0.6746  mean_cost=1063.1  (1.6s)
epoch  25  loss=-1.3362  mean_cost=918.1  (1.5s)
epoch  26  loss=-1.9183  mean_cost=1090.2  (1.6s)
epoch  27  loss=-1.5690  mean_cost=924.6  (1.6s)
epoch  28  loss=-1.1035  mean_cost=951.4  (1.6s)
epoch  29  loss=-2.5673  mean_cost=1123.3  (1.6s)
epoch  30  loss=-2.5395  mean_cost=940.4  (1.6s)
epoch  31  loss=-2.4394  mean_cost=866.3  (1.5s)
epoch  32  loss=-1.7289  mean_cost=1034.4  (1.6s)
epoch  33  loss=-1.0259  mean_cost=1009.6  (1.6s)
epoch  34  loss=-0.1858  mean_cost=1034.6  (1.6s)
epoch  35  loss=-1.0554  mean_cost=880.4  (1.6s)
epoch  36  loss=-1.4765  mean_cost=824.3  (1.6s)
epoch  37  loss=-1.7250  mean_cost=1051.5  (1.6s)
epoch  38  loss=-1.6035  mean_cost=836.6  (1.6s)
epoch  39  loss=-0.8722  mean_cost=974.4  (1.6s)
epoch  40  loss=-1.1266  mean_cost=867.2  (1.6s)
epoch  41  loss=+0.2829  mean_cost=942.7  (1.6s)
epoch  42  loss=-2.9606  mean_cost=1019.8  (1.5s)
epoch  43  loss=-0.8582  mean_cost=993.1  (1.6s)
epoch  44  loss=-1.3978  mean_cost=1149.5  (1.6s)
epoch  45  loss=-2.4341  mean_cost=967.8  (1.5s)
epoch  46  loss=-1.8465  mean_cost=1112.3  (1.6s)
epoch  47  loss=-0.7794  mean_cost=996.1  (1.6s)
epoch  48  loss=-0.8478  mean_cost=936.2  (1.5s)
epoch  49  loss=+0.5636  mean_cost=899.0  (1.5s)
epoch  50  loss=-0.5068  mean_cost=1048.8  (1.5s)
epoch  51  loss=-2.2297  mean_cost=1042.7  (1.5s)
epoch  52  loss=-1.6585  mean_cost=927.8  (1.6s)
epoch  53  loss=-0.4949  mean_cost=979.2  (1.5s)
epoch  54  loss=-1.0716  mean_cost=1076.5  (1.6s)
epoch  55  loss=-0.4319  mean_cost=1036.7  (1.6s)
epoch  56  loss=-0.1072  mean_cost=1126.7  (1.6s)
epoch  57  loss=-0.0387  mean_cost=1005.1  (1.7s)
epoch  58  loss=-0.5421  mean_cost=1094.5  (1.7s)
epoch  59  loss=-1.6641  mean_cost=946.4  (1.6s)
epoch  60  loss=-2.6153  mean_cost=971.0  (1.6s)
epoch  61  loss=-1.4672  mean_cost=1024.6  (1.7s)
epoch  62  loss=-3.2378  mean_cost=1143.1  (1.6s)
epoch  63  loss=+0.4547  mean_cost=1217.8  (1.6s)
epoch  64  loss=-1.1371  mean_cost=1075.3  (1.6s)
epoch  65  loss=-1.4549  mean_cost=837.3  (1.6s)
epoch  66  loss=-1.7081  mean_cost=939.6  (1.6s)
epoch  67  loss=-1.2375  mean_cost=884.5  (1.6s)
epoch  68  loss=-0.6939  mean_cost=923.9  (1.6s)
epoch  69  loss=-2.6323  mean_cost=883.8  (1.6s)
epoch  70  loss=-1.8361  mean_cost=984.4  (1.6s)
epoch  71  loss=-0.6903  mean_cost=1104.8  (1.6s)
epoch  72  loss=-1.1351  mean_cost=988.9  (1.6s)
epoch  73  loss=-1.4510  mean_cost=968.9  (1.6s)
epoch  74  loss=-1.0011  mean_cost=891.0  (1.6s)
epoch  75  loss=+0.0652  mean_cost=1057.9  (1.6s)
epoch  76  loss=-0.5369  mean_cost=1079.7  (1.6s)
epoch  77  loss=-0.2085  mean_cost=975.3  (1.6s)
epoch  78  loss=-1.8337  mean_cost=979.0  (1.6s)
epoch  79  loss=-0.8615  mean_cost=1115.7  (1.6s)
[pomo-train] saved checkpoint: models\pomo_v7\pomo_N50_e80.pt
