[pomo-train] device=cuda
[pomo-train] curriculum N=[50] source=net_synth
epoch   0  loss=-1.9711  mean_cost=1152.0  (3.4s)
epoch   1  loss=+0.4697  mean_cost=1155.0  (2.0s)
epoch   2  loss=-2.8241  mean_cost=1132.2  (2.1s)
epoch   3  loss=-0.7742  mean_cost=1121.4  (2.1s)
epoch   4  loss=-0.2574  mean_cost=1104.2  (2.1s)
epoch   5  loss=-0.9293  mean_cost=1099.6  (1.9s)
epoch   6  loss=-0.5713  mean_cost=1068.0  (2.1s)
epoch   7  loss=-0.9260  mean_cost=1059.9  (2.0s)
epoch   8  loss=-1.1810  mean_cost=1044.4  (2.0s)
epoch   9  loss=-1.4978  mean_cost=1056.7  (1.9s)
epoch  10  loss=-0.7133  mean_cost=1030.4  (1.7s)
epoch  11  loss=+0.3496  mean_cost=1047.0  (2.0s)
epoch  12  loss=-0.1683  mean_cost=1082.4  (1.9s)
epoch  13  loss=-0.0571  mean_cost=1058.0  (1.9s)
epoch  14  loss=-2.2843  mean_cost=1059.8  (2.0s)
epoch  15  loss=+0.4258  mean_cost=1075.3  (2.0s)
epoch  16  loss=-1.6199  mean_cost=1088.3  (1.9s)
epoch  17  loss=-0.6615  mean_cost=1072.8  (1.9s)
epoch  18  loss=-0.6527  mean_cost=1022.8  (1.7s)
epoch  19  loss=-0.2166  mean_cost=1082.0  (1.7s)
epoch  20  loss=-0.8591  mean_cost=1079.5  (1.7s)
epoch  21  loss=-1.2213  mean_cost=1027.0  (1.7s)
epoch  22  loss=-1.3858  mean_cost=1036.9  (1.6s)
epoch  23  loss=-1.7348  mean_cost=1059.9  (1.6s)
epoch  24  loss=-0.0016  mean_cost=1066.7  (1.7s)
epoch  25  loss=-0.2543  mean_cost=1029.8  (1.6s)
epoch  26  loss=+0.0578  mean_cost=1074.5  (1.6s)
epoch  27  loss=-0.4221  mean_cost=1084.9  (1.6s)
epoch  28  loss=-0.0442  mean_cost=1045.0  (1.6s)
epoch  29  loss=-1.2205  mean_cost=1086.8  (1.6s)
epoch  30  loss=+1.0176  mean_cost=1078.5  (1.6s)
epoch  31  loss=-0.0661  mean_cost=1052.6  (1.6s)
epoch  32  loss=+0.3715  mean_cost=1060.0  (1.6s)
epoch  33  loss=-0.3324  mean_cost=1054.5  (1.6s)
epoch  34  loss=-0.7281  mean_cost=1055.2  (1.6s)
epoch  35  loss=-0.5797  mean_cost=1038.0  (1.7s)
epoch  36  loss=-0.9466  mean_cost=1092.9  (1.8s)
epoch  37  loss=-0.7742  mean_cost=1035.9  (1.8s)
epoch  38  loss=+0.1074  mean_cost=1065.2  (1.7s)
epoch  39  loss=-0.4518  mean_cost=1060.0  (1.7s)
epoch  40  loss=-0.1049  mean_cost=1035.5  (1.7s)
epoch  41  loss=-0.6057  mean_cost=1015.1  (1.7s)
epoch  42  loss=-0.6802  mean_cost=1048.9  (1.7s)
epoch  43  loss=+0.3120  mean_cost=1065.8  (1.7s)
epoch  44  loss=+0.0798  mean_cost=1071.7  (1.7s)
epoch  45  loss=-0.1573  mean_cost=1023.3  (1.7s)
epoch  46  loss=-0.6185  mean_cost=1042.8  (1.7s)
epoch  47  loss=-0.4603  mean_cost=1059.1  (1.8s)
epoch  48  loss=+0.2450  mean_cost=1039.1  (1.7s)
epoch  49  loss=+0.1175  mean_cost=1061.8  (1.7s)
epoch  50  loss=-0.4636  mean_cost=1071.9  (1.7s)
epoch  51  loss=+0.2411  mean_cost=1067.2  (1.7s)
epoch  52  loss=-0.8083  mean_cost=1003.2  (1.7s)
epoch  53  loss=-1.2948  mean_cost=1012.3  (1.7s)
epoch  54  loss=+0.3116  mean_cost=1054.7  (1.6s)
epoch  55  loss=+0.6945  mean_cost=1040.8  (1.6s)
epoch  56  loss=-0.5939  mean_cost=1082.1  (1.6s)
epoch  57  loss=-0.0771  mean_cost=1048.3  (1.6s)
epoch  58  loss=-0.1177  mean_cost=1058.5  (1.7s)
epoch  59  loss=-0.5919  mean_cost=1073.0  (1.6s)
epoch  60  loss=+0.6338  mean_cost=993.4  (1.5s)
epoch  61  loss=-0.1665  mean_cost=1015.5  (1.5s)
epoch  62  loss=-0.4421  mean_cost=1025.2  (1.6s)
epoch  63  loss=+0.6012  mean_cost=1061.8  (1.6s)
epoch  64  loss=-0.3680  mean_cost=1086.1  (1.6s)
epoch  65  loss=+0.1677  mean_cost=1048.3  (1.6s)
epoch  66  loss=-1.0717  mean_cost=1084.5  (1.6s)
epoch  67  loss=-0.8390  mean_cost=1076.1  (1.5s)
epoch  68  loss=+0.5017  mean_cost=1072.8  (1.6s)
epoch  69  loss=-0.3777  mean_cost=1070.4  (1.6s)
epoch  70  loss=+0.1407  mean_cost=1059.1  (1.5s)
epoch  71  loss=-1.0355  mean_cost=1066.9  (1.6s)
epoch  72  loss=+0.6703  mean_cost=1052.7  (1.6s)
epoch  73  loss=-0.5743  mean_cost=1026.5  (1.6s)
epoch  74  loss=-0.3894  mean_cost=1059.6  (1.6s)
epoch  75  loss=+0.3962  mean_cost=1038.6  (1.6s)
epoch  76  loss=-1.2063  mean_cost=1081.4  (1.6s)
epoch  77  loss=-1.1231  mean_cost=1060.0  (1.5s)
epoch  78  loss=+0.5383  mean_cost=1036.5  (1.5s)
epoch  79  loss=+0.7604  mean_cost=1072.3  (1.6s)
[pomo-train] saved checkpoint: models\pomo_net_synth\pomo_N50_e80.pt
