[pomo-train] device=cuda
[pomo-train] curriculum N=[100] source=v1
[pomo-train]   N=100: 16 v1 instances
epoch   0  loss=-6.8297  mean_cost=2145.6  (5.2s)
epoch   1  loss=-2.2840  mean_cost=2364.9  (4.4s)
epoch   2  loss=-2.6370  mean_cost=2012.9  (4.2s)
epoch   3  loss=-4.1726  mean_cost=1771.5  (3.9s)
epoch   4  loss=-3.0590  mean_cost=1746.9  (3.9s)
epoch   5  loss=-3.1147  mean_cost=2137.2  (3.7s)
epoch   6  loss=-2.6139  mean_cost=1841.9  (3.6s)
epoch   7  loss=-1.7215  mean_cost=2030.2  (3.5s)
epoch   8  loss=-4.1259  mean_cost=1973.5  (3.5s)
epoch   9  loss=-2.9201  mean_cost=1843.2  (3.4s)
epoch  10  loss=-2.1186  mean_cost=2075.1  (3.2s)
epoch  11  loss=-3.8028  mean_cost=1868.7  (3.3s)
epoch  12  loss=-0.8009  mean_cost=1817.0  (3.2s)
epoch  13  loss=-1.4676  mean_cost=1705.0  (3.3s)
epoch  14  loss=-2.2857  mean_cost=1748.1  (3.4s)
epoch  15  loss=-2.7905  mean_cost=1826.6  (3.2s)
epoch  16  loss=-2.6217  mean_cost=1908.5  (3.2s)
epoch  17  loss=-3.8087  mean_cost=1824.7  (3.2s)
epoch  18  loss=-1.1362  mean_cost=1676.9  (3.1s)
epoch  19  loss=-4.6641  mean_cost=1748.9  (3.1s)
epoch  20  loss=-2.8331  mean_cost=1769.1  (3.1s)
epoch  21  loss=+0.0886  mean_cost=1613.4  (3.1s)
epoch  22  loss=-4.5572  mean_cost=1699.1  (3.1s)
epoch  23  loss=-3.0111  mean_cost=2007.2  (3.1s)
epoch  24  loss=-2.5072  mean_cost=1959.4  (3.1s)
epoch  25  loss=-2.4332  mean_cost=1808.3  (3.1s)
epoch  26  loss=-3.3159  mean_cost=2081.0  (3.2s)
epoch  27  loss=-2.4222  mean_cost=1787.5  (3.1s)
epoch  28  loss=-2.2312  mean_cost=1798.3  (3.1s)
epoch  29  loss=-2.8843  mean_cost=2149.2  (3.1s)
epoch  30  loss=-1.6318  mean_cost=1803.3  (3.2s)
epoch  31  loss=-2.7594  mean_cost=1801.0  (3.2s)
epoch  32  loss=-0.8009  mean_cost=1942.2  (3.2s)
epoch  33  loss=-1.4408  mean_cost=1953.3  (3.3s)
epoch  34  loss=-3.1341  mean_cost=1903.2  (3.3s)
epoch  35  loss=-2.7577  mean_cost=1761.3  (3.3s)
epoch  36  loss=-1.3123  mean_cost=1505.7  (3.3s)
epoch  37  loss=-0.5763  mean_cost=1855.7  (3.3s)
epoch  38  loss=+1.0207  mean_cost=1612.8  (3.2s)
epoch  39  loss=-0.1967  mean_cost=1747.6  (3.2s)
epoch  40  loss=-1.1587  mean_cost=1704.8  (3.3s)
epoch  41  loss=-1.6929  mean_cost=1841.4  (3.3s)
epoch  42  loss=-3.8210  mean_cost=1983.0  (3.2s)
epoch  43  loss=-0.1878  mean_cost=1926.2  (3.2s)
epoch  44  loss=-3.8737  mean_cost=2091.8  (3.3s)
epoch  45  loss=-1.5401  mean_cost=1826.6  (3.3s)
epoch  46  loss=-3.2693  mean_cost=2054.0  (3.1s)
epoch  47  loss=-4.0350  mean_cost=1913.6  (3.1s)
epoch  48  loss=-2.3548  mean_cost=1800.4  (3.0s)
epoch  49  loss=-4.0155  mean_cost=1815.3  (3.1s)
epoch  50  loss=-4.0845  mean_cost=1903.2  (3.1s)
epoch  51  loss=-0.1076  mean_cost=2092.2  (3.2s)
epoch  52  loss=-2.3199  mean_cost=1891.8  (3.1s)
epoch  53  loss=-1.6821  mean_cost=1936.0  (3.1s)
epoch  54  loss=-3.1398  mean_cost=2076.9  (3.2s)
epoch  55  loss=-1.6407  mean_cost=2003.8  (3.2s)
epoch  56  loss=-1.7520  mean_cost=2105.2  (3.4s)
epoch  57  loss=-2.9514  mean_cost=2040.1  (3.2s)
epoch  58  loss=-0.6883  mean_cost=2052.2  (3.4s)
epoch  59  loss=-2.9186  mean_cost=1858.4  (3.3s)
epoch  60  loss=-0.8152  mean_cost=1807.0  (3.3s)
epoch  61  loss=-0.9974  mean_cost=1849.3  (3.5s)
epoch  62  loss=-1.8171  mean_cost=2106.6  (3.5s)
epoch  63  loss=-4.0267  mean_cost=2148.4  (3.5s)
epoch  64  loss=-2.3889  mean_cost=2071.7  (3.2s)
epoch  65  loss=-2.0414  mean_cost=1727.9  (3.0s)
epoch  66  loss=+0.2170  mean_cost=1905.2  (3.2s)
epoch  67  loss=-3.3911  mean_cost=1600.6  (3.2s)
epoch  68  loss=-2.0719  mean_cost=1730.0  (3.1s)
epoch  69  loss=-1.6191  mean_cost=1726.1  (3.2s)
epoch  70  loss=-4.1660  mean_cost=1893.1  (3.4s)
epoch  71  loss=-1.9612  mean_cost=1997.0  (3.4s)
epoch  72  loss=-0.3678  mean_cost=1900.4  (3.4s)
epoch  73  loss=+0.2068  mean_cost=1905.5  (3.4s)
epoch  74  loss=-2.3032  mean_cost=1841.6  (3.3s)
epoch  75  loss=-0.9950  mean_cost=1999.1  (3.2s)
epoch  76  loss=-1.4965  mean_cost=2052.5  (3.3s)
epoch  77  loss=-3.1212  mean_cost=1885.5  (3.3s)
epoch  78  loss=-3.5088  mean_cost=1927.4  (3.5s)
epoch  79  loss=-2.0946  mean_cost=1987.9  (3.4s)
[pomo-train] saved checkpoint: models\pomo_n100_specialist\pomo_N100_e80.pt
